 
****************************************
Report : cell
Design : dfe3Main
Version: G-2012.06-SP3
Date   : Tue Apr 25 20:31:16 2017
****************************************

Attributes:
    b - black box (unknown)
    h - hierarchical
    n - noncombinational
    r - removable
   so - sizing only
    u - contains unmapped logic

Cell                      Reference       Library             Area  Attributes
--------------------------------------------------------------------------------
U1                        NBUFFX8_LVT     saed32lvt_tt1p05v25c 3.812160 so
U2                        NBUFFX8_LVT     saed32lvt_tt1p05v25c 3.812160 so
U3                        NBUFFX8_LVT     saed32lvt_tt1p05v25c 3.812160 so
U4                        NBUFFX8_LVT     saed32lvt_tt1p05v25c 3.812160 so
U5                        NBUFFX8_LVT     saed32lvt_tt1p05v25c 3.812160 so
U6                        NBUFFX8_LVT     saed32lvt_tt1p05v25c 3.812160 so
U7                        NBUFFX8_LVT     saed32lvt_tt1p05v25c 3.812160 so
U8                        NBUFFX8_LVT     saed32lvt_tt1p05v25c 3.812160 so
U9                        NBUFFX8_LVT     saed32lvt_tt1p05v25c 3.812160 so
U10                       NBUFFX8_LVT     saed32lvt_tt1p05v25c 3.812160 so
U11                       NBUFFX8_LVT     saed32lvt_tt1p05v25c 3.812160 so
U12                       NBUFFX8_LVT     saed32lvt_tt1p05v25c 3.812160 so
U13                       NBUFFX8_LVT     saed32lvt_tt1p05v25c 3.812160 so
U14                       NBUFFX8_LVT     saed32lvt_tt1p05v25c 3.812160 so
U15                       NBUFFX8_LVT     saed32lvt_tt1p05v25c 3.812160 so
U16                       NBUFFX8_LVT     saed32lvt_tt1p05v25c 3.812160 so
U17                       NBUFFX8_LVT     saed32lvt_tt1p05v25c 3.812160 so
U18                       NBUFFX8_LVT     saed32lvt_tt1p05v25c 3.812160 so
U19                       NBUFFX8_LVT     saed32lvt_tt1p05v25c 3.812160 so
U20                       NBUFFX8_LVT     saed32lvt_tt1p05v25c 3.812160 so
U21                       NBUFFX8_LVT     saed32lvt_tt1p05v25c 3.812160 so
U22                       NBUFFX16_LVT    saed32lvt_tt1p05v25c 6.099456 so
U23                       NBUFFX8_LVT     saed32lvt_tt1p05v25c 3.812160 so
U24                       NBUFFX8_LVT     saed32lvt_tt1p05v25c 3.812160 so
U25                       NBUFFX8_LVT     saed32lvt_tt1p05v25c 3.812160 so
U26                       NBUFFX4_HVT     saed32hvt_tt1p05v25c 2.541440
U27                       NBUFFX8_LVT     saed32lvt_tt1p05v25c 3.812160
U28                       NBUFFX8_LVT     saed32lvt_tt1p05v25c 3.812160 so
U29                       NBUFFX8_LVT     saed32lvt_tt1p05v25c 3.812160
U30                       NBUFFX8_LVT     saed32lvt_tt1p05v25c 3.812160 so
U31                       NBUFFX8_LVT     saed32lvt_tt1p05v25c 3.812160
U32                       NBUFFX8_LVT     saed32lvt_tt1p05v25c 3.812160 so
U33                       NBUFFX8_LVT     saed32lvt_tt1p05v25c 3.812160 so
U34                       NBUFFX8_LVT     saed32lvt_tt1p05v25c 3.812160
U35                       NBUFFX8_LVT     saed32lvt_tt1p05v25c 3.812160 so
U36                       NBUFFX16_LVT    saed32lvt_tt1p05v25c 6.099456 so
U37                       NBUFFX8_LVT     saed32lvt_tt1p05v25c 3.812160 so
U38                       NBUFFX16_LVT    saed32lvt_tt1p05v25c 6.099456 so
U39                       NBUFFX8_LVT     saed32lvt_tt1p05v25c 3.812160 so
U40                       NBUFFX8_LVT     saed32lvt_tt1p05v25c 3.812160 so
U41                       NBUFFX8_LVT     saed32lvt_tt1p05v25c 3.812160
U42                       NBUFFX8_LVT     saed32lvt_tt1p05v25c 3.812160
U43                       NBUFFX8_LVT     saed32lvt_tt1p05v25c 3.812160
U44                       NBUFFX8_HVT     saed32hvt_tt1p05v25c 3.812160 so
U45                       NBUFFX32_HVT    saed32hvt_tt1p05v25c 10.674048 so
U46                       NBUFFX8_LVT     saed32lvt_tt1p05v25c 3.812160 so
U47                       NBUFFX8_LVT     saed32lvt_tt1p05v25c 3.812160 so
U48                       NBUFFX8_LVT     saed32lvt_tt1p05v25c 3.812160 so
U49                       NBUFFX4_LVT     saed32lvt_tt1p05v25c 2.541440 so
U50                       NBUFFX4_LVT     saed32lvt_tt1p05v25c 2.541440 so
U51                       NBUFFX4_HVT     saed32hvt_tt1p05v25c 2.541440 so
U52                       NBUFFX2_LVT     saed32lvt_tt1p05v25c 2.033152 so
U53                       NBUFFX4_HVT     saed32hvt_tt1p05v25c 2.541440 so
U54                       NBUFFX4_HVT     saed32hvt_tt1p05v25c 2.541440 so
U55                       NBUFFX32_HVT    saed32hvt_tt1p05v25c 10.674048 so
U57                       NBUFFX8_LVT     saed32lvt_tt1p05v25c 3.812160
U58                       NBUFFX8_LVT     saed32lvt_tt1p05v25c 3.812160
U59                       NBUFFX8_LVT     saed32lvt_tt1p05v25c 3.812160
U60                       NBUFFX8_LVT     saed32lvt_tt1p05v25c 3.812160
U61                       NBUFFX8_LVT     saed32lvt_tt1p05v25c 3.812160
U62                       NBUFFX8_RVT     saed32rvt_tt1p05v25c 3.812160
U63                       NBUFFX8_RVT     saed32rvt_tt1p05v25c 3.812160
U64                       NBUFFX8_RVT     saed32rvt_tt1p05v25c 3.812160
U65                       NBUFFX4_HVT     saed32hvt_tt1p05v25c 2.541440
U66                       INVX16_RVT      saed32rvt_tt1p05v25c 5.082880
U67                       NBUFFX8_LVT     saed32lvt_tt1p05v25c 3.812160
U68                       NBUFFX8_LVT     saed32lvt_tt1p05v25c 3.812160
U69                       NBUFFX32_HVT    saed32hvt_tt1p05v25c 10.674048
U70                       NBUFFX8_HVT     saed32hvt_tt1p05v25c 3.812160
U71                       NBUFFX4_HVT     saed32hvt_tt1p05v25c 2.541440
U72                       NBUFFX4_HVT     saed32hvt_tt1p05v25c 2.541440
U73                       NBUFFX4_RVT     saed32rvt_tt1p05v25c 2.541440
U74                       NBUFFX4_HVT     saed32hvt_tt1p05v25c 2.541440
U75                       NBUFFX4_HVT     saed32hvt_tt1p05v25c 2.541440
U76                       INVX16_LVT      saed32lvt_tt1p05v25c 5.082880
U77                       NBUFFX2_LVT     saed32lvt_tt1p05v25c 2.033152
U78                       NBUFFX2_LVT     saed32lvt_tt1p05v25c 2.033152
U79                       NBUFFX2_LVT     saed32lvt_tt1p05v25c 2.033152
U80                       NBUFFX2_LVT     saed32lvt_tt1p05v25c 2.033152
U81                       NBUFFX2_LVT     saed32lvt_tt1p05v25c 2.033152
U82                       NBUFFX2_LVT     saed32lvt_tt1p05v25c 2.033152
U83                       NBUFFX2_LVT     saed32lvt_tt1p05v25c 2.033152
U84                       NBUFFX2_LVT     saed32lvt_tt1p05v25c 2.033152
U85                       NBUFFX2_LVT     saed32lvt_tt1p05v25c 2.033152
U86                       NBUFFX2_LVT     saed32lvt_tt1p05v25c 2.033152
U87                       NBUFFX2_LVT     saed32lvt_tt1p05v25c 2.033152
U88                       NBUFFX2_LVT     saed32lvt_tt1p05v25c 2.033152
U89                       INVX8_LVT       saed32lvt_tt1p05v25c 3.049728
U90                       INVX8_LVT       saed32lvt_tt1p05v25c 3.049728
U91                       INVX2_LVT       saed32lvt_tt1p05v25c 1.524864
U92                       INVX2_LVT       saed32lvt_tt1p05v25c 1.524864
U96                       NBUFFX8_LVT     saed32lvt_tt1p05v25c 3.812160
U97                       NBUFFX8_LVT     saed32lvt_tt1p05v25c 3.812160
U98                       NBUFFX8_LVT     saed32lvt_tt1p05v25c 3.812160
U99                       NBUFFX8_LVT     saed32lvt_tt1p05v25c 3.812160
U100                      NBUFFX8_LVT     saed32lvt_tt1p05v25c 3.812160
U101                      NBUFFX8_LVT     saed32lvt_tt1p05v25c 3.812160
U102                      NBUFFX8_LVT     saed32lvt_tt1p05v25c 3.812160
U103                      NBUFFX2_HVT     saed32hvt_tt1p05v25c 2.033152
U104                      NBUFFX2_HVT     saed32hvt_tt1p05v25c 2.033152
U105                      NBUFFX2_HVT     saed32hvt_tt1p05v25c 2.033152
U106                      NBUFFX2_HVT     saed32hvt_tt1p05v25c 2.033152
U107                      NBUFFX2_HVT     saed32hvt_tt1p05v25c 2.033152
U108                      NBUFFX2_HVT     saed32hvt_tt1p05v25c 2.033152
U109                      NBUFFX4_HVT     saed32hvt_tt1p05v25c 2.541440
U110                      NBUFFX2_HVT     saed32hvt_tt1p05v25c 2.033152
U111                      NBUFFX8_RVT     saed32rvt_tt1p05v25c 3.812160
U113                      NBUFFX8_LVT     saed32lvt_tt1p05v25c 3.812160
U114                      NBUFFX2_LVT     saed32lvt_tt1p05v25c 2.033152
U115                      NBUFFX2_LVT     saed32lvt_tt1p05v25c 2.033152
U116                      INVX16_LVT      saed32lvt_tt1p05v25c 5.082880
U117                      INVX4_LVT       saed32lvt_tt1p05v25c 2.033152
U118                      NBUFFX8_LVT     saed32lvt_tt1p05v25c 3.812160
U119                      NBUFFX32_HVT    saed32hvt_tt1p05v25c 10.674048
U120                      NBUFFX8_LVT     saed32lvt_tt1p05v25c 3.812160
U121                      NBUFFX2_LVT     saed32lvt_tt1p05v25c 2.033152
U122                      NBUFFX2_LVT     saed32lvt_tt1p05v25c 2.033152
U123                      NBUFFX2_LVT     saed32lvt_tt1p05v25c 2.033152
U124                      NBUFFX2_LVT     saed32lvt_tt1p05v25c 2.033152
U125                      NBUFFX2_LVT     saed32lvt_tt1p05v25c 2.033152
U126                      NBUFFX2_LVT     saed32lvt_tt1p05v25c 2.033152
U127                      NBUFFX2_LVT     saed32lvt_tt1p05v25c 2.033152
U128                      NBUFFX2_LVT     saed32lvt_tt1p05v25c 2.033152
U129                      NBUFFX2_LVT     saed32lvt_tt1p05v25c 2.033152
U130                      NBUFFX2_LVT     saed32lvt_tt1p05v25c 2.033152
U131                      NBUFFX2_LVT     saed32lvt_tt1p05v25c 2.033152
U132                      NBUFFX2_LVT     saed32lvt_tt1p05v25c 2.033152
U133                      NBUFFX2_LVT     saed32lvt_tt1p05v25c 2.033152
U134                      NBUFFX2_LVT     saed32lvt_tt1p05v25c 2.033152
U135                      NBUFFX8_LVT     saed32lvt_tt1p05v25c 3.812160
U136                      NBUFFX2_LVT     saed32lvt_tt1p05v25c 2.033152
U137                      NBUFFX2_LVT     saed32lvt_tt1p05v25c 2.033152
U138                      NBUFFX2_LVT     saed32lvt_tt1p05v25c 2.033152
U139                      NBUFFX2_LVT     saed32lvt_tt1p05v25c 2.033152
U140                      NBUFFX2_LVT     saed32lvt_tt1p05v25c 2.033152
U141                      NBUFFX2_LVT     saed32lvt_tt1p05v25c 2.033152
U142                      NBUFFX2_LVT     saed32lvt_tt1p05v25c 2.033152
U143                      NBUFFX2_LVT     saed32lvt_tt1p05v25c 2.033152
U144                      NBUFFX2_LVT     saed32lvt_tt1p05v25c 2.033152
U145                      NBUFFX2_LVT     saed32lvt_tt1p05v25c 2.033152
U146                      NBUFFX2_LVT     saed32lvt_tt1p05v25c 2.033152
U147                      NBUFFX2_LVT     saed32lvt_tt1p05v25c 2.033152
U148                      NBUFFX2_LVT     saed32lvt_tt1p05v25c 2.033152
U149                      NBUFFX2_LVT     saed32lvt_tt1p05v25c 2.033152
U150                      NBUFFX2_LVT     saed32lvt_tt1p05v25c 2.033152
U151                      NBUFFX2_LVT     saed32lvt_tt1p05v25c 2.033152
U152                      NBUFFX2_LVT     saed32lvt_tt1p05v25c 2.033152
U153                      NBUFFX2_LVT     saed32lvt_tt1p05v25c 2.033152
U154                      NBUFFX2_LVT     saed32lvt_tt1p05v25c 2.033152
U155                      NBUFFX2_LVT     saed32lvt_tt1p05v25c 2.033152
U156                      NBUFFX2_LVT     saed32lvt_tt1p05v25c 2.033152
U157                      NBUFFX2_LVT     saed32lvt_tt1p05v25c 2.033152
U158                      NBUFFX2_LVT     saed32lvt_tt1p05v25c 2.033152
U159                      NBUFFX2_LVT     saed32lvt_tt1p05v25c 2.033152
U160                      NBUFFX2_LVT     saed32lvt_tt1p05v25c 2.033152
U161                      NBUFFX2_LVT     saed32lvt_tt1p05v25c 2.033152
U162                      NBUFFX2_LVT     saed32lvt_tt1p05v25c 2.033152
U163                      NBUFFX2_LVT     saed32lvt_tt1p05v25c 2.033152
U164                      NBUFFX8_HVT     saed32hvt_tt1p05v25c 3.812160
U165                      NBUFFX2_HVT     saed32hvt_tt1p05v25c 2.033152
ctrl                      ctrl                            458.221639 b, h, n
dpathtotal                dpathtotal                      719568.087642 b, h, n
--------------------------------------------------------------------------------
Total 162 cells                                           720534.343146
1
