 
****************************************
Report : resources
Design : dfe3Main
Version: G-2012.06-SP3
Date   : Tue May  2 18:50:31 2017
****************************************


No resource sharing information to report.

No implementations to report

No multiplexors to report
 
****************************************
Design : ctrl
****************************************

Resource Report for this hierarchy in file
        /scratch/cs250-aab/dsp/build/vlsi/generated-src/dfe3Main.DefaultConfig.v
=============================================================================
| Cell           | Module         | Parameters | Contained Operations       |
=============================================================================
| gt_x_5         | DW_cmp         | width=22   | gt_21860                   |
| gt_x_7         | DW_cmp         | width=22   | gt_21863                   |
| add_x_9        | DW01_inc       | width=12   | add_21867                  |
=============================================================================


Implementation Report
===============================================================================
|                    |                  | Current            | Set            |
| Cell               | Module           | Implementation     | Implementation |
===============================================================================
| gt_x_5             | DW_cmp           | apparch (area)     |                |
| gt_x_7             | DW_cmp           | apparch (area)     |                |
| add_x_9            | DW01_inc         | apparch (area)     |                |
===============================================================================


No multiplexors to report
 
****************************************
Design : SNPS_CLOCK_GATE_HIGH_ctrl_0
****************************************

No resource sharing information to report.

No implementations to report

No multiplexors to report
 
****************************************
Design : dpathtotal
****************************************

Resource Report for this hierarchy in file
        /scratch/cs250-aab/dsp/build/vlsi/generated-src/dfe3Main.DefaultConfig.v
=============================================================================
| Cell           | Module         | Parameters | Contained Operations       |
=============================================================================
| sub_x_1        | DW01_sub       | width=17   | sub_21750                  |
| sub_x_2        | DW01_sub       | width=17   | sub_21751                  |
=============================================================================


Implementation Report
===============================================================================
|                    |                  | Current            | Set            |
| Cell               | Module           | Implementation     | Implementation |
===============================================================================
| sub_x_1            | DW01_sub         | pparch (area,speed)                 |
| sub_x_2            | DW01_sub         | pparch (speed)     |                |
===============================================================================


No multiplexors to report
 
****************************************
Design : firFeedbackNoMulti
****************************************

Resource Report for this hierarchy in file
        /scratch/cs250-aab/dsp/build/vlsi/generated-src/dfe3Main.DefaultConfig.v
=============================================================================
| Cell           | Module         | Parameters | Contained Operations       |
=============================================================================
| gt_x_1         | DW_cmp         | width=16   | gt_19245                   |
| gte_x_2        | DW_cmp         | width=16   | gte_19246                  |
| lt_x_16        | DW_cmp         | width=2    | lt_19399                   |
| gt_x_17        | DW_cmp         | width=22   | gt_19401                   |
| gt_x_18        | DW_cmp         | width=22   | gt_19402                   |
| sub_x_21       | DW01_dec       | width=7    | sub_19408                  |
| add_x_28       | DW01_inc       | width=2    | add_19423                  |
| sub_x_428      | DW01_sub       | width=16   | sub_19987                  |
| sub_x_429      | DW01_sub       | width=16   | sub_19988                  |
| sub_x_430      | DW01_sub       | width=16   | sub_19991                  |
| sub_x_431      | DW01_sub       | width=16   | sub_19992                  |
| sub_x_432      | DW01_sub       | width=16   | sub_19995                  |
| sub_x_433      | DW01_sub       | width=16   | sub_19996                  |
| DP_OP_611J2_124_4853            |            |                            |
|                | DP_OP_611J2_124_4853 |      |                            |
| DP_OP_612J2_125_4853            |            |                            |
|                | DP_OP_612J2_125_4853 |      |                            |
=============================================================================

Datapath Report for DP_OP_611J2_124_4853
==============================================================================
| Cell                 | Contained Operations                                |
==============================================================================
| DP_OP_611J2_124_4853 | add_20008 add_20013                                 |
==============================================================================

==============================================================================
|       |      | Data     |       |                                          |
| Var   | Type | Class    | Width | Expression                               |
==============================================================================
| I1    | PI   | Unsigned | 16    |                                          |
| I2    | PI   | Unsigned | 16    |                                          |
| I3    | PI   | Unsigned | 16    |                                          |
| O1    | PO   | Unsigned | 16    | I1 + I2 + I3                             |
==============================================================================

Datapath Report for DP_OP_612J2_125_4853
==============================================================================
| Cell                 | Contained Operations                                |
==============================================================================
| DP_OP_612J2_125_4853 | add_20009 add_20015                                 |
==============================================================================

==============================================================================
|       |      | Data     |       |                                          |
| Var   | Type | Class    | Width | Expression                               |
==============================================================================
| I1    | PI   | Unsigned | 16    |                                          |
| I2    | PI   | Unsigned | 16    |                                          |
| I3    | PI   | Unsigned | 16    |                                          |
| O1    | PO   | Unsigned | 16    | I1 + I2 + I3                             |
==============================================================================


Resource Report for Ungrouped Hierarchy
        dpathtotal/firFeedbackNoMulti/SimpMulti_3 in file
        /scratch/cs250-aab/dsp/build/vlsi/generated-src/dfe3Main.DefaultConfig.v
=============================================================================
| Cell           | Module         | Parameters | Contained Operations       |
=============================================================================
| sub_x_1        | DW01_sub       | width=16   | sub_18016                  |
| sub_x_4        | DW01_sub       | width=16   | sub_18024                  |
| mult_x_5       | DW_mult_tc     | a_width=16 | mult_18027                 |
|                |                | b_width=15 |                            |
| add_x_6        | DW01_add       | width=16   | add_18028                  |
| mult_x_7       | DW_mult_tc     | a_width=16 | mult_18031                 |
|                |                | b_width=15 |                            |
| mult_x_10      | DW_mult_tc     | a_width=16 | mult_18041                 |
|                |                | b_width=15 |                            |
| mult_x_11      | DW_mult_tc     | a_width=16 | mult_18045                 |
|                |                | b_width=15 |                            |
| DP_OP_31J3_124_9900             |            |                            |
|                | DP_OP_31J3_124_9900 |       |                            |
=============================================================================

Datapath Report for DP_OP_31J3_124_9900
==============================================================================
| Cell                 | Contained Operations                                |
==============================================================================
| DP_OP_31J3_124_9900  | sub_18013 add_18038 sub_18042                       |
==============================================================================

==============================================================================
|       |      | Data     |       |                                          |
| Var   | Type | Class    | Width | Expression                               |
==============================================================================
| I1    | PI   | Signed   | 16    |                                          |
| I2    | PI   | Signed   | 16    |                                          |
| O1    | PO   | Signed   | 16    | $signed(1'b0) - I1                       |
| O2    | PO   | Unsigned | 16    | O1 + I2                                  |
| O3    | PO   | Signed   | 16    | O1 - I2                                  |
==============================================================================


Resource Report for Ungrouped Hierarchy
        dpathtotal/firFeedbackNoMulti/SimpMulti_4 in file
        /scratch/cs250-aab/dsp/build/vlsi/generated-src/dfe3Main.DefaultConfig.v
=============================================================================
| Cell           | Module         | Parameters | Contained Operations       |
=============================================================================
| sub_x_1        | DW01_sub       | width=16   | sub_18016                  |
| sub_x_4        | DW01_sub       | width=16   | sub_18024                  |
| mult_x_5       | DW_mult_tc     | a_width=16 | mult_18027                 |
|                |                | b_width=15 |                            |
| add_x_6        | DW01_add       | width=16   | add_18028                  |
| mult_x_7       | DW_mult_tc     | a_width=16 | mult_18031                 |
|                |                | b_width=15 |                            |
| mult_x_10      | DW_mult_tc     | a_width=16 | mult_18041                 |
|                |                | b_width=15 |                            |
| mult_x_11      | DW_mult_tc     | a_width=16 | mult_18045                 |
|                |                | b_width=15 |                            |
| DP_OP_31J3_124_9900             |            |                            |
|                | DP_OP_31J3_124_9900 |       |                            |
=============================================================================

Datapath Report for DP_OP_31J3_124_9900
==============================================================================
| Cell                 | Contained Operations                                |
==============================================================================
| DP_OP_31J3_124_9900  | sub_18013 add_18038 sub_18042                       |
==============================================================================

==============================================================================
|       |      | Data     |       |                                          |
| Var   | Type | Class    | Width | Expression                               |
==============================================================================
| I1    | PI   | Signed   | 16    |                                          |
| I2    | PI   | Signed   | 16    |                                          |
| O1    | PO   | Signed   | 16    | $signed(1'b0) - I1                       |
| O2    | PO   | Unsigned | 16    | O1 + I2                                  |
| O3    | PO   | Signed   | 16    | O1 - I2                                  |
==============================================================================


Resource Report for Ungrouped Hierarchy
        dpathtotal/firFeedbackNoMulti/SimpMulti_5 in file
        /scratch/cs250-aab/dsp/build/vlsi/generated-src/dfe3Main.DefaultConfig.v
=============================================================================
| Cell           | Module         | Parameters | Contained Operations       |
=============================================================================
| sub_x_1        | DW01_sub       | width=16   | sub_18016                  |
| sub_x_4        | DW01_sub       | width=16   | sub_18024                  |
| mult_x_5       | DW_mult_tc     | a_width=16 | mult_18027                 |
|                |                | b_width=15 |                            |
| add_x_6        | DW01_add       | width=16   | add_18028                  |
| mult_x_7       | DW_mult_tc     | a_width=16 | mult_18031                 |
|                |                | b_width=15 |                            |
| mult_x_10      | DW_mult_tc     | a_width=16 | mult_18041                 |
|                |                | b_width=15 |                            |
| mult_x_11      | DW_mult_tc     | a_width=16 | mult_18045                 |
|                |                | b_width=15 |                            |
| DP_OP_31J3_124_9900             |            |                            |
|                | DP_OP_31J3_124_9900 |       |                            |
=============================================================================

Datapath Report for DP_OP_31J3_124_9900
==============================================================================
| Cell                 | Contained Operations                                |
==============================================================================
| DP_OP_31J3_124_9900  | sub_18013 add_18038 sub_18042                       |
==============================================================================

==============================================================================
|       |      | Data     |       |                                          |
| Var   | Type | Class    | Width | Expression                               |
==============================================================================
| I1    | PI   | Signed   | 16    |                                          |
| I2    | PI   | Signed   | 16    |                                          |
| O1    | PO   | Signed   | 16    | $signed(1'b0) - I1                       |
| O2    | PO   | Unsigned | 16    | O1 + I2                                  |
| O3    | PO   | Signed   | 16    | O1 - I2                                  |
==============================================================================


Implementation Report
===============================================================================
|                    |                  | Current            | Set            |
| Cell               | Module           | Implementation     | Implementation |
===============================================================================
| gt_x_1             | DW_cmp           | apparch (area)     |                |
| gte_x_2            | DW_cmp           | apparch (area)     |                |
| lt_x_16            | DW_cmp           | apparch (area)     |                |
| gt_x_17            | DW_cmp           | apparch (area)     |                |
| gt_x_18            | DW_cmp           | apparch (area)     |                |
| sub_x_21           | DW01_dec         | apparch (area)     |                |
| add_x_28           | DW01_inc         | apparch (area)     |                |
| sub_x_1            | DW01_sub         | apparch (area)     |                |
| sub_x_4            | DW01_sub         | apparch (area)     |                |
| add_x_6            | DW01_add         | apparch (area)     |                |
| sub_x_1            | DW01_sub         | apparch (area)     |                |
| sub_x_4            | DW01_sub         | apparch (area)     |                |
| add_x_6            | DW01_add         | apparch (area)     |                |
| sub_x_1            | DW01_sub         | apparch (area)     |                |
| sub_x_4            | DW01_sub         | apparch (area)     |                |
| add_x_6            | DW01_add         | apparch (area)     |                |
| DP_OP_611J2_124_4853                  |                    |                |
|                    | DP_OP_611J2_124_4853 | str (area,speed)                |
| DP_OP_612J2_125_4853                  |                    |                |
|                    | DP_OP_612J2_125_4853 | str (area,speed)                |
===============================================================================


No multiplexors to report
 
****************************************
Design : SNPS_CLOCK_GATE_HIGH_firFeedbackNoMulti_2_3
****************************************

No resource sharing information to report.

No implementations to report

No multiplexors to report
 
****************************************
Design : SNPS_CLOCK_GATE_HIGH_firFeedbackNoMulti_1_2
****************************************

No resource sharing information to report.

No implementations to report

No multiplexors to report
 
****************************************
Design : SNPS_CLOCK_GATE_HIGH_firFeedbackNoMulti_0_1
****************************************

No resource sharing information to report.

No implementations to report

No multiplexors to report
 
****************************************
Design : SimpMulti_3
****************************************

Resource Report for this hierarchy in file
        /scratch/cs250-aab/dsp/build/vlsi/generated-src/dfe3Main.DefaultConfig.v
=============================================================================
| Cell           | Module         | Parameters | Contained Operations       |
=============================================================================
| sub_x_1        | DW01_sub       | width=16   | sub_18016                  |
| sub_x_4        | DW01_sub       | width=16   | sub_18024                  |
| mult_x_5       | DW_mult_tc     | a_width=16 | mult_18027                 |
|                |                | b_width=15 |                            |
| add_x_6        | DW01_add       | width=16   | add_18028                  |
| mult_x_7       | DW_mult_tc     | a_width=16 | mult_18031                 |
|                |                | b_width=15 |                            |
| mult_x_10      | DW_mult_tc     | a_width=16 | mult_18041                 |
|                |                | b_width=15 |                            |
| mult_x_11      | DW_mult_tc     | a_width=16 | mult_18045                 |
|                |                | b_width=15 |                            |
| DP_OP_31J3_124_9900             |            |                            |
|                | DP_OP_31J3_124_9900 |       |                            |
=============================================================================

Datapath Report for DP_OP_31J3_124_9900
==============================================================================
| Cell                 | Contained Operations                                |
==============================================================================
| DP_OP_31J3_124_9900  | sub_18013 add_18038 sub_18042                       |
==============================================================================

==============================================================================
|       |      | Data     |       |                                          |
| Var   | Type | Class    | Width | Expression                               |
==============================================================================
| I1    | PI   | Signed   | 16    |                                          |
| I2    | PI   | Signed   | 16    |                                          |
| O1    | PO   | Signed   | 16    | $signed(1'b0) - I1                       |
| O2    | PO   | Unsigned | 16    | O1 + I2                                  |
| O3    | PO   | Signed   | 16    | O1 - I2                                  |
==============================================================================


Implementation Report
===============================================================================
|                    |                  | Current            | Set            |
| Cell               | Module           | Implementation     | Implementation |
===============================================================================
| sub_x_1            | DW01_sub         | apparch (area)     |                |
| sub_x_4            | DW01_sub         | pparch (area,speed)                 |
| mult_x_5           | DW_mult_tc       | pparch (area,speed)                 |
| add_x_6            | DW01_add         | pparch (area,speed)                 |
| mult_x_7           | DW_mult_tc       | pparch (area,speed)                 |
| mult_x_10          | DW_mult_tc       | pparch (area,speed)                 |
| mult_x_11          | DW_mult_tc       | pparch (area,speed)                 |
| DP_OP_31J3_124_9900                   |                    |                |
|                    | DP_OP_31J3_124_9900 | str (area,speed)                 |
===============================================================================


No multiplexors to report
 
****************************************
Design : SimpMulti_4
****************************************

Resource Report for this hierarchy in file
        /scratch/cs250-aab/dsp/build/vlsi/generated-src/dfe3Main.DefaultConfig.v
=============================================================================
| Cell           | Module         | Parameters | Contained Operations       |
=============================================================================
| sub_x_1        | DW01_sub       | width=16   | sub_18016                  |
| sub_x_4        | DW01_sub       | width=16   | sub_18024                  |
| mult_x_5       | DW_mult_tc     | a_width=16 | mult_18027                 |
|                |                | b_width=15 |                            |
| add_x_6        | DW01_add       | width=16   | add_18028                  |
| mult_x_7       | DW_mult_tc     | a_width=16 | mult_18031                 |
|                |                | b_width=15 |                            |
| mult_x_10      | DW_mult_tc     | a_width=16 | mult_18041                 |
|                |                | b_width=15 |                            |
| mult_x_11      | DW_mult_tc     | a_width=16 | mult_18045                 |
|                |                | b_width=15 |                            |
| DP_OP_31J3_124_9900             |            |                            |
|                | DP_OP_31J3_124_9900 |       |                            |
=============================================================================

Datapath Report for DP_OP_31J3_124_9900
==============================================================================
| Cell                 | Contained Operations                                |
==============================================================================
| DP_OP_31J3_124_9900  | sub_18013 add_18038 sub_18042                       |
==============================================================================

==============================================================================
|       |      | Data     |       |                                          |
| Var   | Type | Class    | Width | Expression                               |
==============================================================================
| I1    | PI   | Signed   | 16    |                                          |
| I2    | PI   | Signed   | 16    |                                          |
| O1    | PO   | Signed   | 16    | $signed(1'b0) - I1                       |
| O2    | PO   | Unsigned | 16    | O1 + I2                                  |
| O3    | PO   | Signed   | 16    | O1 - I2                                  |
==============================================================================


Implementation Report
===============================================================================
|                    |                  | Current            | Set            |
| Cell               | Module           | Implementation     | Implementation |
===============================================================================
| sub_x_1            | DW01_sub         | apparch (area)     |                |
| sub_x_4            | DW01_sub         | pparch (area,speed)                 |
| mult_x_5           | DW_mult_tc       | pparch (area,speed)                 |
| add_x_6            | DW01_add         | pparch (area,speed)                 |
| mult_x_7           | DW_mult_tc       | pparch (area,speed)                 |
| mult_x_10          | DW_mult_tc       | pparch (area,speed)                 |
| mult_x_11          | DW_mult_tc       | pparch (area,speed)                 |
| DP_OP_31J3_124_9900                   |                    |                |
|                    | DP_OP_31J3_124_9900 | str (area,speed)                 |
===============================================================================


No multiplexors to report
 
****************************************
Design : SimpMulti_5
****************************************

Resource Report for this hierarchy in file
        /scratch/cs250-aab/dsp/build/vlsi/generated-src/dfe3Main.DefaultConfig.v
=============================================================================
| Cell           | Module         | Parameters | Contained Operations       |
=============================================================================
| sub_x_1        | DW01_sub       | width=16   | sub_18016                  |
| sub_x_4        | DW01_sub       | width=16   | sub_18024                  |
| mult_x_5       | DW_mult_tc     | a_width=16 | mult_18027                 |
|                |                | b_width=15 |                            |
| add_x_6        | DW01_add       | width=16   | add_18028                  |
| mult_x_7       | DW_mult_tc     | a_width=16 | mult_18031                 |
|                |                | b_width=15 |                            |
| mult_x_10      | DW_mult_tc     | a_width=16 | mult_18041                 |
|                |                | b_width=15 |                            |
| mult_x_11      | DW_mult_tc     | a_width=16 | mult_18045                 |
|                |                | b_width=15 |                            |
| DP_OP_31J3_124_9900             |            |                            |
|                | DP_OP_31J3_124_9900 |       |                            |
=============================================================================

Datapath Report for DP_OP_31J3_124_9900
==============================================================================
| Cell                 | Contained Operations                                |
==============================================================================
| DP_OP_31J3_124_9900  | sub_18013 add_18038 sub_18042                       |
==============================================================================

==============================================================================
|       |      | Data     |       |                                          |
| Var   | Type | Class    | Width | Expression                               |
==============================================================================
| I1    | PI   | Signed   | 16    |                                          |
| I2    | PI   | Signed   | 16    |                                          |
| O1    | PO   | Signed   | 16    | $signed(1'b0) - I1                       |
| O2    | PO   | Unsigned | 16    | O1 + I2                                  |
| O3    | PO   | Signed   | 16    | O1 - I2                                  |
==============================================================================


Implementation Report
===============================================================================
|                    |                  | Current            | Set            |
| Cell               | Module           | Implementation     | Implementation |
===============================================================================
| sub_x_1            | DW01_sub         | apparch (area)     |                |
| sub_x_4            | DW01_sub         | pparch (area,speed)                 |
| mult_x_5           | DW_mult_tc       | pparch (area,speed)                 |
| add_x_6            | DW01_add         | pparch (area,speed)                 |
| mult_x_7           | DW_mult_tc       | pparch (area,speed)                 |
| mult_x_10          | DW_mult_tc       | pparch (area,speed)                 |
| mult_x_11          | DW_mult_tc       | pparch (area,speed)                 |
| DP_OP_31J3_124_9900                   |                    |                |
|                    | DP_OP_31J3_124_9900 | str (area,speed)                 |
===============================================================================


No multiplexors to report
 
****************************************
Design : correlator
****************************************

Resource Report for this hierarchy in file
        /scratch/cs250-aab/dsp/build/vlsi/generated-src/dfe3Main.DefaultConfig.v
=============================================================================
| Cell           | Module         | Parameters | Contained Operations       |
=============================================================================
| gt_x_1         | DW_cmp         | width=12   | gt_5435                    |
| DP_OP_1180J1_124_8812           |            |                            |
|                | DP_OP_1180J1_124_8812 |     |                            |
| DP_OP_1181J1_125_3606           |            |                            |
|                | DP_OP_1181J1_125_3606 |     |                            |
| DP_OP_1182J1_126_8812           |            |                            |
|                | DP_OP_1182J1_126_8812 |     |                            |
| DP_OP_1183J1_127_7525           |            |                            |
|                | DP_OP_1183J1_127_7525 |     |                            |
| DP_OP_1184J1_128_7525           |            |                            |
|                | DP_OP_1184J1_128_7525 |     |                            |
=============================================================================

Datapath Report for DP_OP_1180J1_124_8812
==============================================================================
| Cell                 | Contained Operations                                |
==============================================================================
| DP_OP_1180J1_124_8812 | sub_5439 add_5444 sub_5449 sub_5513 add_5454       |
|                      | sub_5459 sub_5519 add_5464 sub_5469 sub_5525        |
|                      | add_5474 add_5479 sub_5483 sub_5535 add_5488        |
|                      | sub_5493 sub_5541 add_5498 sub_5529                 |
==============================================================================

==============================================================================
|       |      | Data     |       |                                          |
| Var   | Type | Class    | Width | Expression                               |
==============================================================================
| I1    | PI   | Signed   | 22    |                                          |
| I2    | PI   | Signed   | 16    |                                          |
| I3    | PI   | Unsigned | 1     |                                          |
| I4    | PI   | Unsigned | 1     |                                          |
| I5    | PI   | Signed   | 22    |                                          |
| I6    | PI   | Signed   | 22    |                                          |
| I7    | PI   | Signed   | 22    |                                          |
| I8    | PI   | Signed   | 22    |                                          |
| I9    | PI   | Signed   | 22    |                                          |
| I10   | PI   | Signed   | 22    |                                          |
| T1164 | IFO  | Signed   | 22    | I1 - I2                                  |
| T65   | IFO  | Signed   | 22    | { I3, I4 } ? T1164 : $unsigned(1'b0)     |
| T1165 | IFO  | Signed   | 22    | I5 - T65                                 |
| T67   | IFO  | Signed   | 22    | { I3, I4 } ? T1165 : $unsigned(1'b0)     |
| T1166 | IFO  | Signed   | 22    | I6 - T67                                 |
| T69   | IFO  | Signed   | 22    | { I3, I4 } ? T1166 : $unsigned(1'b0)     |
| T1167 | IFO  | Signed   | 22    | I7 - T69                                 |
| T71   | IFO  | Signed   | 22    | { I3, I4 } ? T1167 : $unsigned(1'b0)     |
| T24   | IFO  | Unsigned | 22    | T71 + I8                                 |
| T73   | IFO  | Signed   | 22    | { I3, I4 } ? T24 : $unsigned(1'b0)       |
| T1168 | IFO  | Signed   | 22    | I9 - T73                                 |
| T75   | IFO  | Signed   | 22    | { I3, I4 } ? T1168 : $unsigned(1'b0)     |
| O1    | PO   | Signed   | 22    | $signed(1'b0) - T65 - I5                 |
| O2    | PO   | Signed   | 22    | $signed(1'b0) - T67 - I6                 |
| O3    | PO   | Signed   | 22    | $signed(1'b0) - T69 - I7                 |
| O4    | PO   | Signed   | 22    | $signed(1'b0) - T73 - I9                 |
| O5    | PO   | Signed   | 22    | $signed(1'b0) - T75 - I10                |
| O6    | PO   | Signed   | 22    | I10 - T75                                |
| O7    | PO   | Signed   | 22    | T71 - I8                                 |
==============================================================================

Datapath Report for DP_OP_1181J1_125_3606
==============================================================================
| Cell                 | Contained Operations                                |
==============================================================================
| DP_OP_1181J1_125_3606 | add_5420 mult_5428 add_5430 mult_5429 add_5421     |
==============================================================================

==============================================================================
|       |      | Data     |       |                                          |
| Var   | Type | Class    | Width | Expression                               |
==============================================================================
| I1    | PI   | Signed   | 22    |                                          |
| I2    | PI   | Signed   | 22    |                                          |
| I3    | PI   | Signed   | 22    |                                          |
| I4    | PI   | Signed   | 22    |                                          |
| T1110 | IFO  | Signed   | 15    | O1[22:8]                                 |
| T1177 | IFO  | Signed   | 15    | O1[22:8]                                 |
| T2    | IFO  | Signed   | 30    | T1110 * T1177                            |
| T1111 | IFO  | Signed   | 15    | O3[22:8]                                 |
| T1179 | IFO  | Signed   | 15    | O3[22:8]                                 |
| T3    | IFO  | Signed   | 30    | T1111 * T1179                            |
| O1    | PO   | Signed   | 23    | I1 + I2                                  |
| O2    | PO   | Unsigned | 30    | T2 + T3                                  |
| O3    | PO   | Signed   | 23    | I3 + I4                                  |
==============================================================================

Datapath Report for DP_OP_1182J1_126_8812
==============================================================================
| Cell                 | Contained Operations                                |
==============================================================================
| DP_OP_1182J1_126_8812 | sub_5440 add_5446 sub_5450 sub_5514 add_5456       |
|                      | sub_5460 sub_5520 add_5466 sub_5470 sub_5526        |
|                      | add_5476 add_5480 sub_5484 sub_5536 add_5490        |
|                      | sub_5494 sub_5542 add_5500 sub_5530                 |
==============================================================================

==============================================================================
|       |      | Data     |       |                                          |
| Var   | Type | Class    | Width | Expression                               |
==============================================================================
| I1    | PI   | Signed   | 22    |                                          |
| I2    | PI   | Signed   | 16    |                                          |
| I3    | PI   | Unsigned | 1     |                                          |
| I4    | PI   | Unsigned | 1     |                                          |
| I5    | PI   | Signed   | 22    |                                          |
| I6    | PI   | Signed   | 22    |                                          |
| I7    | PI   | Signed   | 22    |                                          |
| I8    | PI   | Signed   | 22    |                                          |
| I9    | PI   | Signed   | 22    |                                          |
| I10   | PI   | Signed   | 22    |                                          |
| T1169 | IFO  | Signed   | 22    | I1 - I2                                  |
| T64   | IFO  | Signed   | 22    | { I3, I4 } ? T1169 : $unsigned(1'b0)     |
| T1170 | IFO  | Signed   | 22    | I5 - T64                                 |
| T66   | IFO  | Signed   | 22    | { I3, I4 } ? T1170 : $unsigned(1'b0)     |
| T1171 | IFO  | Signed   | 22    | I6 - T66                                 |
| T68   | IFO  | Signed   | 22    | { I3, I4 } ? T1171 : $unsigned(1'b0)     |
| T1172 | IFO  | Signed   | 22    | I7 - T68                                 |
| T70   | IFO  | Signed   | 22    | { I3, I4 } ? T1172 : $unsigned(1'b0)     |
| T25   | IFO  | Unsigned | 22    | T70 + I8                                 |
| T72   | IFO  | Signed   | 22    | { I3, I4 } ? T25 : $unsigned(1'b0)       |
| T1173 | IFO  | Signed   | 22    | I9 - T72                                 |
| T74   | IFO  | Signed   | 22    | { I3, I4 } ? T1173 : $unsigned(1'b0)     |
| O1    | PO   | Signed   | 22    | $signed(1'b0) - T64 - I5                 |
| O2    | PO   | Signed   | 22    | $signed(1'b0) - T66 - I6                 |
| O3    | PO   | Signed   | 22    | $signed(1'b0) - T68 - I7                 |
| O4    | PO   | Signed   | 22    | $signed(1'b0) - T72 - I9                 |
| O5    | PO   | Signed   | 22    | $signed(1'b0) - T74 - I10                |
| O6    | PO   | Signed   | 22    | I10 - T74                                |
| O7    | PO   | Signed   | 22    | T70 - I8                                 |
==============================================================================

Datapath Report for DP_OP_1183J1_127_7525
==============================================================================
| Cell                 | Contained Operations                                |
==============================================================================
| DP_OP_1183J1_127_7525 | sub_5439 sub_5506                                  |
==============================================================================

==============================================================================
|       |      | Data     |       |                                          |
| Var   | Type | Class    | Width | Expression                               |
==============================================================================
| I1    | PI   | Signed   | 16    |                                          |
| I2    | PI   | Signed   | 22    |                                          |
| O1    | PO   | Signed   | 22    | $signed(1'b0) - I1 - I2                  |
==============================================================================

Datapath Report for DP_OP_1184J1_128_7525
==============================================================================
| Cell                 | Contained Operations                                |
==============================================================================
| DP_OP_1184J1_128_7525 | sub_5440 sub_5508                                  |
==============================================================================

==============================================================================
|       |      | Data     |       |                                          |
| Var   | Type | Class    | Width | Expression                               |
==============================================================================
| I1    | PI   | Signed   | 16    |                                          |
| I2    | PI   | Signed   | 22    |                                          |
| O1    | PO   | Signed   | 22    | $signed(1'b0) - I1 - I2                  |
==============================================================================


Implementation Report
===============================================================================
|                    |                  | Current            | Set            |
| Cell               | Module           | Implementation     | Implementation |
===============================================================================
| gt_x_1             | DW_cmp           | apparch (area)     |                |
| DP_OP_1180J1_124_8812                 |                    |                |
|                    | DP_OP_1180J1_124_8812 | str (area,speed)               |
| DP_OP_1181J1_125_3606                 |                    |                |
|                    | DP_OP_1181J1_125_3606 | str (area,speed)               |
| DP_OP_1182J1_126_8812                 |                    |                |
|                    | DP_OP_1182J1_126_8812 | str (area,speed)               |
| DP_OP_1183J1_127_7525                 |                    |                |
|                    | DP_OP_1183J1_127_7525 | str (area)    |                |
| DP_OP_1184J1_128_7525                 |                    |                |
|                    | DP_OP_1184J1_128_7525 | str (area)    |                |
===============================================================================


No multiplexors to report
 
****************************************
Design : SNPS_CLOCK_GATE_HIGH_correlator
****************************************

No resource sharing information to report.

No implementations to report

No multiplexors to report
 
****************************************
Design : decision_device
****************************************

Resource Report for this hierarchy in file
        /scratch/cs250-aab/dsp/build/vlsi/generated-src/dfe3Main.DefaultConfig.v
=============================================================================
| Cell           | Module         | Parameters | Contained Operations       |
=============================================================================
| sub_x_14       | DW01_sub       | width=16   | sub_17933                  |
| sub_x_15       | DW01_sub       | width=16   | sub_17934                  |
=============================================================================


Implementation Report
===============================================================================
|                    |                  | Current            | Set            |
| Cell               | Module           | Implementation     | Implementation |
===============================================================================
| sub_x_14           | DW01_sub         | apparch (area)     |                |
| sub_x_15           | DW01_sub         | apparch (area)     |                |
===============================================================================


No multiplexors to report
1
